Future Technology Devices International Limited (c) 2007-2010, All Rights Reserved


CPU_CORE =   VC2, CPU_RAM_SIZE= 16 KB, CPU_ROM_SIZE=256 KB

Linker Version  = V1.0.1 Loader Version =  V1.0.1
Tue Nov 18 14:58:22 2014


=================================================================================================================

SEGMENT_MAP    
=================================================================================================================

Start Address                  Segment Name                   Segment Size
=================================================================================================================

0003c0 .text                          00000194ba
01987a .dataFlash                     000000010c
000000 .dataRAM                       000000010c
00010c .bss                           0000000313
00041f .HeapRAM                       00000037e0

=================================================================================================================

SYMBOL_TABLE   
=================================================================================================================

SYM ADDRESS PUBLIC SYM NAME                SYM TYPE   MEM TYPE FILE NAME            SYM SIZE  
NOTE:L=LABEL F=FUNCTION 0=FLASH and 1=RAM
=================================================================================================================

0043a main                           F              0 AOAtoFT232.obj       00278
006b2 fat_attach                     F              0 AOAtoFT232.obj       000e9
0079b fat_detach                     F              0 AOAtoFT232.obj       0009b
00836 boms_attach                    F              0 AOAtoFT232.obj       00265
00a9b boms_detach                    F              0 AOAtoFT232.obj       0009b
00b36 mass_storage_attach_drivers    F              0 AOAtoFT232.obj       0001d
00b53 usbhost_connect_state          F              0 AOAtoFT232.obj       000b6
00c09 android_attach                 F              0 AOAtoFT232.obj       001d1
00dda android_detach                 F              0 AOAtoFT232.obj       00055
00e2f ft232_host_attach              F              0 AOAtoFT232.obj       0026d
0109c ft232_host_detach              F              0 AOAtoFT232.obj       00055
010f1 connect                        F              0 AOAtoFT232.obj       00531
01622 atof                           F              0 AOAtoFT232.obj       0037e
019a0 write_sensor_data_to_file      F              0 AOAtoFT232.obj       0010c
01aac write_sensor_data_to_android   F              0 AOAtoFT232.obj       0013e
01bea uart_sensor                    F              0 AOAtoFT232.obj       00614
0001e hANDROID_ACCESSORY             L              1 AOAtoFT232.obj       00002
00020 hUSBHOST_FT232                 L              1 AOAtoFT232.obj       00002
00022 ft232Baud                      L              1 AOAtoFT232.obj       00004
00026 ft232Data                      L              1 AOAtoFT232.obj       00001
00027 ft232Stop                      L              1 AOAtoFT232.obj       00001
00028 ft232Parity                    L              1 AOAtoFT232.obj       00001
00029 ft232Flow                      L              1 AOAtoFT232.obj       00001
0002a device_connect_status          L              1 AOAtoFT232.obj       00001
0010c tcbUART_SENSOR                 L              1 AOAtoFT232.obj       00002
0010e mInitAndroid                   L              1 AOAtoFT232.obj       00006
00114 hFAT_FILE_SYSTEM               L              1 AOAtoFT232.obj       00002
00116 gstAccPacketWriteSensor        L              1 AOAtoFT232.obj       00085
0019b hBOMS                          L              1 AOAtoFT232.obj       00002
0019d hUART                          L              1 AOAtoFT232.obj       00002
0019f hUSBHOST1_Android              L              1 AOAtoFT232.obj       00002
001a1 gstAccPacketRead               L              1 AOAtoFT232.obj       00085
00226 mInitF                         L              1 AOAtoFT232.obj       00006
0022c tcbATOF                        L              1 AOAtoFT232.obj       00002
0022e gstAccPacketWrite              L              1 AOAtoFT232.obj       00085
002b3 hUSBHOST2                      L              1 AOAtoFT232.obj       00002
002b5 tcbCONNECT                     L              1 AOAtoFT232.obj       00002
002b7 hGPIO_PORT_A                   L              1 AOAtoFT232.obj       00002
002b9 hGPIO_PORT_B                   L              1 AOAtoFT232.obj       00002
19766 iomux_setup                    F              0 AOAtoFT232_iomux.obj 00114
